
JUAN PABLO@JUAN MINGW64 ~/Desktop/ADSI Actividad (master)
$ git init
Reinitialized existing Git repository in C:/Users/CYBERWEB/Desktop/ADSI Actividad/.git/

JUAN PABLO@JUAN MINGW64 ~/Desktop/ADSI Actividad (master)
$ https://github.com/natalia-higuita/adsiclase.git
bash: https://github.com/natalia-higuita/adsiclase.git: No such file or directory

JUAN PABLO@JUAN MINGW64 ~/Desktop/ADSI Actividad (master)
$

JUAN PABLO@JUAN MINGW64 ~/Desktop/ADSI Actividad (master)
$ git add .
warning: LF will be replaced by CRLF in algorimo/napseint.psc.
The file will have its original line endings in your working directory
warning: LF will be replaced by CRLF in algorimo/pseint.psc.
The file will have its original line endings in your working directory

JUAN PABLO@JUAN MINGW64 ~/Desktop/ADSI Actividad (master)
$

JUAN PABLO@JUAN MINGW64 ~/Desktop/ADSI Actividad (master)
$ git comit -  m
git: 'comit' is not a git command. See 'git --help'.

The most similar command is
        commit

JUAN PABLO@JUAN MINGW64 ~/Desktop/ADSI Actividad (master)
$ git comit-m "inicio de repositorio de actividad ADSI"
git: 'comit-m' is not a git command. See 'git --help'.

JUAN PABLO@JUAN MINGW64 ~/Desktop/ADSI Actividad (master)
$ git comit -m "inicio de repsitori de actividad ADSI"
git: 'comit' is not a git command. See 'git --help'.

The most similar command is
        commit

JUAN PABLO@JUAN MINGW64 ~/Desktop/ADSI Actividad (master)
$ git commit -m "Inicio de repositorio de actividades ADSI"

*** Please tell me who you are.

Run

  git config --global user.email "you@example.com"
  git config --global user.name "Your Name"

to set your account's default identity.
Omit --global to set the identity only in this repository.

fatal: unable to auto-detect email address (got 'JUAN PABLO@JUAN.(none)')

JUAN PABLO@JUAN MINGW64 ~/Desktop/ADSI Actividad (master)
$ git comfig --global "nhiguita25@misena.edu.co"
git: 'comfig' is not a git command. See 'git --help'.

The most similar command is
        config

JUAN PABLO@JUAN MINGW64 ~/Desktop/ADSI Actividad (master)
$ git config --global "nhiguita25@misena.edu.co"
error: invalid key: nhiguita25@misena.edu.co

JUAN PABLO@JUAN MINGW64 ~/Desktop/ADSI Actividad (master)
$ git config --global user.email "nhiguita25@misena.edu.co"

JUAN PABLO@JUAN MINGW64 ~/Desktop/ADSI Actividad (master)
$ git config --global user.name "natalia higuita "

JUAN PABLO@JUAN MINGW64 ~/Desktop/ADSI Actividad (master)
$ git commit -m "Inicio de repositorio de actividades ADSI"
[master (root-commit) 59951b9] Inicio de repositorio de actividades ADSI
 4 files changed, 19 insertions(+)
 create mode 100644 algorimo/napseint.psc
 create mode 100644 algorimo/pseint.psc
 create mode 100644 base de datos/trabajo de NATALIA.docx
 create mode 100644 etica/ACTIVIDAD DE ETICA.docx

JUAN PABLO@JUAN MINGW64 ~/Desktop/ADSI Actividad (master)
$ git push -u origin master


JUAN PABLO@JUAN MINGW64 ~/Desktop/ADSI Actividad (master)
$ git push -u origin master
To https://github.com/natalia-higuita/adsiclase.git
 ! [rejected]        master -> master (fetch first)
error: failed to push some refs to 'https://github.com/natalia-higuita/adsiclase.git'
hint: Updates were rejected because the remote contains work that you do
hint: not have locally. This is usually caused by another repository pushing
hint: to the same ref. You may want to first integrate the remote changes
hint: (e.g., 'git pull ...') before pushing again.
hint: See the 'Note about fast-forwards' in 'git push --help' for details.

JUAN PABLO@JUAN MINGW64 ~/Desktop/ADSI Actividad (master)
$ git push -u origin master --force

Enumerating objects: 9, done.
Counting objects: 100% (9/9), done.
Delta compression using up to 2 threads
Compressing objects: 100% (9/9), done.
Writing objects: 100% (9/9), 259.74 KiB | 4.06 MiB/s, done.
Total 9 (delta 0), reused 0 (delta 0)
To https://github.com/natalia-higuita/adsiclase.git
 + 57d06cf...59951b9 master -> master (forced update)
Branch 'master' set up to track remote branch 'master' from 'origin'.

JUAN PABLO@JUAN MINGW64 ~/Desktop/ADSI Actividad (master)
$

JUAN PABLO@JUAN MINGW64 ~/Desktop/ADSI Actividad (master)
$ Logon failed, use ctrl+c to cancel basic credential prompt.

